// Jest Snapshot v1, https://goo.gl/fbAQLP

exports[`ActionBar default behaviour  1`] = `
<div>
  <header
    class="MuiPaper-root MuiPaper-elevation MuiPaper-elevation0 MuiAppBar-root MuiAppBar-colorPrimary MuiAppBar-positionSticky makeStyles-appBar-1 css-y0narc-MuiPaper-root-MuiAppBar-root"
  >
    <div
      class="MuiToolbar-root MuiToolbar-gutters MuiToolbar-regular css-1t29gy6-MuiToolbar-root"
    >
      <div>
        test
      </div>
    </div>
  </header>
</div>
`;
